// Jest Snapshot v1, https://goo.gl/fbAQLP

exports[`Newsletter render default 1`] = `
<div>
  <div
    class="bg-gray-900"
    id="id"
  >
    <div
      class="container mx-auto px-8"
    >
      <div
        class="md:flex justify-between items-center py-16 gap-8"
      >
        <div
          class="text-white mb-8 md:mb-0"
        >
          <h2
            class="text-xl uppercase text-2xl"
          >
            title
          </h2>
          <p
            class="text-justify"
          >
            subtitle
          </p>
        </div>
        <form
          class="flex items-center gap-8"
        >
          <input
            class=" px-3 py-2 rounded border border-solid box-border border-gray-300 w-full md:w-auto"
            id="email"
            name="email"
            placeholder="Email Address"
            required=""
            type="email"
            value=""
          />
          <button
            class="tracking-widest	rounded px-3 py-2 text-base bg-white black  uppercase w-full md:w-auto"
            type="submit"
          >
            <b>
              Notify
            </b>
          </button>
        </form>
      </div>
    </div>
  </div>
</div>
`;
