// Jest Snapshot v1, https://goo.gl/fbAQLP

exports[`ChessDaysOfWeek to match snapshot 1`] = `
<div>
  <div
    class="chakra-card border border-gray-200 css-2dlz7"
  >
    <div
      class="chakra-card__header css-0"
    >
      <h1
        class="text-xl md:text-3xl"
      >
        Day of Week
      </h1>
    </div>
    <hr
      aria-orientation="horizontal"
      class="chakra-divider css-1upb9tn"
    />
    <div
      class="chakra-card__body css-0"
    >
      <div
        class="flex flex-col gap-y-4"
      >
        <h2
          class="font-bold"
        >
          Games by Days of Week
        </h2>
      </div>
    </div>
    <hr
      aria-orientation="horizontal"
      class="chakra-divider css-1upb9tn"
    />
    <div
      class="chakra-card__body css-0"
    >
      <div
        class="flex flex-col gap-y-4"
      >
        <h2
          class="font-bold"
        >
          Accuracy by Days of Week
        </h2>
      </div>
    </div>
    <hr
      aria-orientation="horizontal"
      class="chakra-divider css-1upb9tn"
    />
    <div
      class="chakra-card__body css-0"
    >
      <div
        class="flex flex-col gap-y-4"
      >
        <h2
          class="font-bold"
        >
          Results by Days of Week
        </h2>
      </div>
    </div>
  </div>
</div>
`;
