// Jest Snapshot v1, https://goo.gl/fbAQLP

exports[`CountriesTable to match snapshot 1`] = `
<div>
  <div
    class="chakra-card border border-gray-200 shadow css-2dlz7"
  >
    <div
      class="chakra-table__container css-zipzvv"
    >
      <table
        class="chakra-table css-0"
      >
        <thead
          class="css-0"
        >
          <tr
            class="css-0"
          >
            <th
              class="w-4 css-0"
            >
              No
            </th>
            <th
              class="css-0"
            >
              Country
            </th>
            <th
              class="css-0"
              data-is-numeric="true"
            >
              Count
            </th>
          </tr>
        </thead>
        <tbody
          class="css-0"
        />
      </table>
    </div>
  </div>
</div>
`;
