// Jest Snapshot v1, https://goo.gl/fbAQLP

exports[`TitledHeader to match snapshot 1`] = `
<div>
  <div
    class="flex items-center justify-between"
  >
    <h2
      class="chakra-heading css-0"
    >
      Players (
      0
      )
    </h2>
    <div
      class="flex items-center justify-between gap-x-2 md:gap-x-4"
    >
      <div
        class="chakra-select__wrapper css-42b2qy"
      >
        <select
          class="chakra-select shadow css-1ik61og"
          id="title"
          name="title"
        >
          <option
            value=""
          >
            Title
          </option>
          <option>
            Grand Master
          </option>
          <option>
            International Master
          </option>
          <option>
            FIDE Master
          </option>
          <option>
            Candidate Master
          </option>
          <option>
            National Master
          </option>
          <option>
            Woman Grand Master
          </option>
          <option>
            Woman International Master
          </option>
          <option>
            Woman FIDE Master
          </option>
          <option>
            Woman Candidate Master
          </option>
          <option>
            Woman National Master
          </option>
        </select>
        <div
          class="chakra-select__icon-wrapper css-162mkon"
        >
          <svg
            aria-hidden="true"
            class="chakra-select__icon"
            focusable="false"
            role="presentation"
            style="width: 1em; height: 1em; color: currentColor;"
            viewBox="0 0 24 24"
          >
            <path
              d="M16.59 8.59L12 13.17 7.41 8.59 6 10l6 6 6-6z"
              fill="currentColor"
            />
          </svg>
        </div>
      </div>
      <div
        class="chakra-select__wrapper css-42b2qy"
      >
        <select
          class="chakra-select shadow css-1ik61og"
          id="timeRange"
          name="timeRange"
        >
          <option
            value=""
          >
            Time Range
          </option>
          <option
            value="week"
          >
            7 Days
          </option>
          <option
            value="month"
          >
            30 Days
          </option>
          <option
            value="quarter"
          >
            90 Days
          </option>
          <option
            value="year"
          >
            1 Year
          </option>
        </select>
        <div
          class="chakra-select__icon-wrapper css-162mkon"
        >
          <svg
            aria-hidden="true"
            class="chakra-select__icon"
            focusable="false"
            role="presentation"
            style="width: 1em; height: 1em; color: currentColor;"
            viewBox="0 0 24 24"
          >
            <path
              d="M16.59 8.59L12 13.17 7.41 8.59 6 10l6 6 6-6z"
              fill="currentColor"
            />
          </svg>
        </div>
      </div>
    </div>
  </div>
</div>
`;
