// Jest Snapshot v1, https://goo.gl/fbAQLP

exports[`AboutPage render default 1`] = `
<div>
  <nav
    class="fixed z-10 top-0 w-full border-b bg-white"
  >
    <div
      class="bg-gray-900 py-4 text-white"
    >
      <div
        class="container mx-auto px-8 "
      >
        <div
          class="flex items-center justify-between"
        >
          <div
            class="flex items-center"
          >
            <svg
              class="mr-2"
              fill="currentColor"
              height="1em"
              stroke="currentColor"
              stroke-width="0"
              viewBox="0 0 576 512"
              width="1em"
              xmlns="http://www.w3.org/2000/svg"
            >
              <path
                d="M576 240c0-23.63-12.95-44.04-32-55.12V32.01C544 23.26 537.02 0 512 0c-7.12 0-14.19 2.38-19.98 7.02l-85.03 68.03C364.28 109.19 310.66 128 256 128H64c-35.35 0-64 28.65-64 64v96c0 35.35 28.65 64 64 64h33.7c-1.39 10.48-2.18 21.14-2.18 32 0 39.77 9.26 77.35 25.56 110.94 5.19 10.69 16.52 17.06 28.4 17.06h74.28c26.05 0 41.69-29.84 25.9-50.56-16.4-21.52-26.15-48.36-26.15-77.44 0-11.11 1.62-21.79 4.41-32H256c54.66 0 108.28 18.81 150.98 52.95l85.03 68.03a32.023 32.023 0 0 0 19.98 7.02c24.92 0 32-22.78 32-32V295.13C563.05 284.04 576 263.63 576 240zm-96 141.42l-33.05-26.44C392.95 311.78 325.12 288 256 288v-96c69.12 0 136.95-23.78 190.95-66.98L480 98.58v282.84z"
              />
            </svg>
            <span>
              This is my
               
              <a
                class="uppercase underline"
                href="https://bradfrost.com/blog/post/atomic-web-design/"
                rel="noreferrer"
                target="_blank"
              >
                atomic design
              </a>
               
              masterpiece
            </span>
          </div>
          <div>
            <svg
              fill="currentColor"
              height="1em"
              stroke="currentColor"
              stroke-width="0"
              viewBox="0 0 352 512"
              width="1em"
              xmlns="http://www.w3.org/2000/svg"
            >
              <path
                d="M242.72 256l100.07-100.07c12.28-12.28 12.28-32.19 0-44.48l-22.24-22.24c-12.28-12.28-32.19-12.28-44.48 0L176 189.28 75.93 89.21c-12.28-12.28-32.19-12.28-44.48 0L9.21 111.45c-12.28 12.28-12.28 32.19 0 44.48L109.28 256 9.21 356.07c-12.28 12.28-12.28 32.19 0 44.48l22.24 22.24c12.28 12.28 32.2 12.28 44.48 0L176 322.72l100.07 100.07c12.28 12.28 32.2 12.28 44.48 0l22.24-22.24c12.28-12.28 12.28-32.19 0-44.48L242.72 256z"
              />
            </svg>
          </div>
        </div>
      </div>
    </div>
    <div
      class="container mx-auto px-8 "
    >
      <div
        class="flex items-center py-4"
      >
        <a
          href="/"
        >
          <div
            class="cursor-pointer text-2xl uppercase"
          >
            Hieu Doan
          </div>
        </a>
        <div
          class="hidden md:block"
        >
          <div
            class="ml-8 mr-auto flex items-center gap-8"
          >
            <a
              href="/about"
            >
              <div
                class="flex items-center gap-2"
              >
                <svg
                  fill="currentColor"
                  height="1em"
                  stroke="currentColor"
                  stroke-width="0"
                  viewBox="0 0 448 512"
                  width="1em"
                  xmlns="http://www.w3.org/2000/svg"
                >
                  <path
                    d="M224 256c70.7 0 128-57.3 128-128S294.7 0 224 0 96 57.3 96 128s57.3 128 128 128zm89.6 32h-16.7c-22.2 10.2-46.9 16-72.9 16s-50.6-5.8-72.9-16h-16.7C60.2 288 0 348.2 0 422.4V464c0 26.5 21.5 48 48 48h352c26.5 0 48-21.5 48-48v-41.6c0-74.2-60.2-134.4-134.4-134.4z"
                  />
                </svg>
                <span>
                  About
                </span>
              </div>
            </a>
            <a
              href="/blogs"
            >
              <div
                class="flex items-center gap-2"
              >
                <svg
                  fill="currentColor"
                  height="1em"
                  stroke="currentColor"
                  stroke-width="0"
                  viewBox="0 0 512 512"
                  width="1em"
                  xmlns="http://www.w3.org/2000/svg"
                >
                  <path
                    d="M172.2 226.8c-14.6-2.9-28.2 8.9-28.2 23.8V301c0 10.2 7.1 18.4 16.7 22 18.2 6.8 31.3 24.4 31.3 45 0 26.5-21.5 48-48 48s-48-21.5-48-48V120c0-13.3-10.7-24-24-24H24c-13.3 0-24 10.7-24 24v248c0 89.5 82.1 160.2 175 140.7 54.4-11.4 98.3-55.4 109.7-109.7 17.4-82.9-37-157.2-112.5-172.2zM209 0c-9.2-.5-17 6.8-17 16v31.6c0 8.5 6.6 15.5 15 15.9 129.4 7 233.4 112 240.9 241.5.5 8.4 7.5 15 15.9 15h32.1c9.2 0 16.5-7.8 16-17C503.4 139.8 372.2 8.6 209 0zm.3 96c-9.3-.7-17.3 6.7-17.3 16.1v32.1c0 8.4 6.5 15.3 14.8 15.9 76.8 6.3 138 68.2 144.9 145.2.8 8.3 7.6 14.7 15.9 14.7h32.2c9.3 0 16.8-8 16.1-17.3-8.4-110.1-96.5-198.2-206.6-206.7z"
                  />
                </svg>
                <span>
                  Blogs
                </span>
              </div>
            </a>
            <a
              href="/contact"
            >
              <div
                class="flex items-center gap-2"
              >
                <svg
                  fill="currentColor"
                  height="1em"
                  stroke="currentColor"
                  stroke-width="0"
                  viewBox="0 0 512 512"
                  width="1em"
                  xmlns="http://www.w3.org/2000/svg"
                >
                  <path
                    d="M502.3 190.8c3.9-3.1 9.7-.2 9.7 4.7V400c0 26.5-21.5 48-48 48H48c-26.5 0-48-21.5-48-48V195.6c0-5 5.7-7.8 9.7-4.7 22.4 17.4 52.1 39.5 154.1 113.6 21.1 15.4 56.7 47.8 92.2 47.6 35.7.3 72-32.8 92.3-47.6 102-74.1 131.6-96.3 154-113.7zM256 320c23.2.4 56.6-29.2 73.4-41.4 132.7-96.3 142.8-104.7 173.4-128.7 5.8-4.5 9.2-11.5 9.2-18.9v-19c0-26.5-21.5-48-48-48H48C21.5 64 0 85.5 0 112v19c0 7.4 3.4 14.3 9.2 18.9 30.6 23.9 40.7 32.4 173.4 128.7 16.8 12.2 50.2 41.8 73.4 41.4z"
                  />
                </svg>
                <span>
                  Contact
                </span>
              </div>
            </a>
          </div>
        </div>
        <div
          class="ml-auto"
        >
          <button
            aria-controls="menu-list-:r1:"
            aria-expanded="false"
            aria-haspopup="menu"
            class="chakra-button chakra-menu__menu-button css-4xx2wk"
            id="menu-button-:r1:"
            type="button"
          >
            <span
              class="css-xl71ch"
            >
              Actions
            </span>
            <span
              class="chakra-button__icon css-1hzyiq5"
            >
              <svg
                aria-hidden="true"
                class="chakra-icon css-onkibi"
                focusable="false"
                viewBox="0 0 24 24"
              >
                <path
                  d="M16.59 8.59L12 13.17 7.41 8.59 6 10l6 6 6-6z"
                  fill="currentColor"
                />
              </svg>
            </span>
          </button>
          <div
            class="css-0"
            style="visibility: hidden; position: absolute; min-width: max-content; inset: 0 auto auto 0;"
          >
            <div
              aria-orientation="vertical"
              class="chakra-menu__menu-list css-sjt5nk"
              id="menu-list-:r1:"
              role="menu"
              style="transform-origin: var(--popper-transform-origin); opacity: 0; visibility: hidden; transform: scale(0.8) translateZ(0);"
              tabindex="-1"
            >
              <button
                class="chakra-menu__menuitem capitalize css-1k756t9"
                data-index="0"
                id="menu-list-:r1:-menuitem-:r2:"
                role="menuitem"
                tabindex="-1"
                type="button"
              >
                interests
              </button>
              <button
                class="chakra-menu__menuitem capitalize css-1k756t9"
                data-index="1"
                id="menu-list-:r1:-menuitem-:r3:"
                role="menuitem"
                tabindex="-1"
                type="button"
              >
                stats
              </button>
              <button
                class="chakra-menu__menuitem capitalize css-1k756t9"
                data-index="2"
                id="menu-list-:r1:-menuitem-:r4:"
                role="menuitem"
                tabindex="-1"
                type="button"
              >
                projects
              </button>
              <button
                class="chakra-menu__menuitem capitalize css-1k756t9"
                data-index="3"
                id="menu-list-:r1:-menuitem-:r5:"
                role="menuitem"
                tabindex="-1"
                type="button"
              >
                techstack
              </button>
              <button
                class="chakra-menu__menuitem capitalize css-1k756t9"
                data-index="4"
                id="menu-list-:r1:-menuitem-:r6:"
                role="menuitem"
                tabindex="-1"
                type="button"
              >
                testimonials
              </button>
              <button
                class="chakra-menu__menuitem capitalize css-1k756t9"
                data-index="5"
                id="menu-list-:r1:-menuitem-:r7:"
                role="menuitem"
                tabindex="-1"
                type="button"
              >
                blogs
              </button>
            </div>
          </div>
        </div>
      </div>
    </div>
  </nav>
  <main>
    <div
      class="h-screen bg-cover bg-center bg-no-repeat"
      id="hero"
      style="background-image: url(/images/jpg/background/hero.jpg);"
    >
      <div
        class="h-full bg-gray-900/80 text-white"
      >
        <div
          class="flex h-full items-center justify-center"
        >
          <div
            class="text-center py-16 "
          >
            <h2
              class="text-4xl uppercase  mb-8"
            >
              <b>
                HIEU DOAN
              </b>
            </h2>
            <p>
              Full-stack Software Developer
            </p>
          </div>
        </div>
      </div>
    </div>
    <div
      class="pb-16"
      id="interests"
    >
      <div
        class="container mx-auto px-8 "
      >
        <div
          class="text-center py-16 "
        >
          <h2
            class="text-4xl uppercase  mb-8"
          >
            <b>
              Interests
            </b>
          </h2>
          <p>
            The interests that guide my career.
          </p>
        </div>
        <div
          class="grid grid-cols-1 gap-8 md:grid-cols-2 lg:grid-cols-4"
        >
          <div>
            <div
              class="relative mx-auto mb-8 h-32 w-32"
            >
              <div
                class="absolute flex h-full w-full items-center justify-center rounded-full bg-gray-900 text-4xl text-white"
              >
                JS
              </div>
            </div>
            <h3
              class="mb-8 text-center text-xl uppercase"
            >
              Node.js Developer
            </h3>
            <p
              class="text-justify"
            >
              Lorem ipsum dolor sit amet, consectetur adipiscing elit. Fusce eleifend leo ut vehicula placerat. In condimentum quam non dolor semper.
            </p>
          </div>
          <div>
            <div
              class="relative mx-auto mb-8 h-32 w-32"
            >
              <div
                class="absolute flex h-full w-full items-center justify-center rounded-full bg-gray-900 text-4xl text-white"
              >
                FT
              </div>
            </div>
            <h3
              class="mb-8 text-center text-xl uppercase"
            >
              Fintech Focus
            </h3>
            <p
              class="text-justify"
            >
              Lorem ipsum dolor sit amet, consectetur adipiscing elit. Fusce eleifend leo ut vehicula placerat. In condimentum quam non dolor semper.
            </p>
          </div>
          <div>
            <div
              class="relative mx-auto mb-8 h-32 w-32"
            >
              <div
                class="absolute flex h-full w-full items-center justify-center rounded-full bg-gray-900 text-4xl text-white"
              >
                FF
              </div>
            </div>
            <h3
              class="mb-8 text-center text-xl uppercase"
            >
              Football Fan
            </h3>
            <p
              class="text-justify"
            >
              Lorem ipsum dolor sit amet, consectetur adipiscing elit. Fusce eleifend leo ut vehicula placerat. In condimentum quam non dolor semper.
            </p>
          </div>
          <div>
            <div
              class="relative mx-auto mb-8 h-32 w-32"
            >
              <div
                class="absolute flex h-full w-full items-center justify-center rounded-full bg-gray-900 text-4xl text-white"
              >
                ML
              </div>
            </div>
            <h3
              class="mb-8 text-center text-xl uppercase"
            >
              M.L. Enthusiastist
            </h3>
            <p
              class="text-justify"
            >
              Lorem ipsum dolor sit amet, consectetur adipiscing elit. Fusce eleifend leo ut vehicula placerat. In condimentum quam non dolor semper.
            </p>
          </div>
        </div>
      </div>
    </div>
    <div
      class="pb-16"
      id="experiences"
    >
      <div
        class="container mx-auto px-8 "
      >
        <div
          class="text-center py-16 "
        >
          <h2
            class="text-4xl uppercase  mb-8"
          >
            <b>
              Experiences
            </b>
          </h2>
          <p>
            My Experiences
          </p>
        </div>
        <div
          class="chakra-accordion css-0"
        >
          <div
            class="chakra-accordion__item css-1fsnuue"
          >
            <button
              aria-controls="accordion-panel-:r8:"
              aria-expanded="false"
              class="chakra-accordion__button css-ubg1nw"
              data-index="0"
              id="accordion-button-:r8:"
              type="button"
            >
              <div
                class="css-1rr4qq7"
              >
                <div
                  class="flex items-center gap-x-2"
                >
                  <span>
                    NAB (National Australia Bank)
                  </span>
                  <span
                    class="chakra-badge css-ifsvay"
                  >
                    2021/08 - NOW
                  </span>
                  <span
                    class="chakra-badge css-ifsvay"
                  >
                    Ho Chi Minh City, Vietnam
                  </span>
                </div>
              </div>
              <svg
                aria-hidden="true"
                class="chakra-icon chakra-accordion__icon css-8o5ky2"
                focusable="false"
                viewBox="0 0 24 24"
              >
                <path
                  d="M16.59 8.59L12 13.17 7.41 8.59 6 10l6 6 6-6z"
                  fill="currentColor"
                />
              </svg>
            </button>
            <div
              class="chakra-collapse"
              style="overflow: hidden; display: none; opacity: 0; height: 0px;"
            >
              <div
                aria-labelledby="accordion-button-:r8:"
                class="chakra-accordion__panel css-0"
                id="accordion-panel-:r8:"
                role="region"
              >
                Full-stack Developer
              </div>
            </div>
          </div>
          <div
            class="chakra-accordion__item css-1fsnuue"
          >
            <button
              aria-controls="accordion-panel-:ra:"
              aria-expanded="false"
              class="chakra-accordion__button css-ubg1nw"
              data-index="1"
              id="accordion-button-:ra:"
              type="button"
            >
              <div
                class="css-1rr4qq7"
              >
                <div
                  class="flex items-center gap-x-2"
                >
                  <span>
                    FPT Software
                  </span>
                  <span
                    class="chakra-badge css-ifsvay"
                  >
                    2021/04 - 2021/07
                  </span>
                  <span
                    class="chakra-badge css-ifsvay"
                  >
                    Ho Chi Minh City, Vietnam
                  </span>
                </div>
              </div>
              <svg
                aria-hidden="true"
                class="chakra-icon chakra-accordion__icon css-8o5ky2"
                focusable="false"
                viewBox="0 0 24 24"
              >
                <path
                  d="M16.59 8.59L12 13.17 7.41 8.59 6 10l6 6 6-6z"
                  fill="currentColor"
                />
              </svg>
            </button>
            <div
              class="chakra-collapse"
              style="overflow: hidden; display: none; opacity: 0; height: 0px;"
            >
              <div
                aria-labelledby="accordion-button-:ra:"
                class="chakra-accordion__panel css-0"
                id="accordion-panel-:ra:"
                role="region"
              >
                Full-stack Developer
              </div>
            </div>
          </div>
          <div
            class="chakra-accordion__item css-1fsnuue"
          >
            <button
              aria-controls="accordion-panel-:rc:"
              aria-expanded="false"
              class="chakra-accordion__button css-ubg1nw"
              data-index="2"
              id="accordion-button-:rc:"
              type="button"
            >
              <div
                class="css-1rr4qq7"
              >
                <div
                  class="flex items-center gap-x-2"
                >
                  <span>
                    BoostCommerce
                  </span>
                  <span
                    class="chakra-badge css-ifsvay"
                  >
                    2019/03 - 2021/03
                  </span>
                  <span
                    class="chakra-badge css-ifsvay"
                  >
                    Hanoi, Vietnam
                  </span>
                </div>
              </div>
              <svg
                aria-hidden="true"
                class="chakra-icon chakra-accordion__icon css-8o5ky2"
                focusable="false"
                viewBox="0 0 24 24"
              >
                <path
                  d="M16.59 8.59L12 13.17 7.41 8.59 6 10l6 6 6-6z"
                  fill="currentColor"
                />
              </svg>
            </button>
            <div
              class="chakra-collapse"
              style="overflow: hidden; display: none; opacity: 0; height: 0px;"
            >
              <div
                aria-labelledby="accordion-button-:rc:"
                class="chakra-accordion__panel css-0"
                id="accordion-panel-:rc:"
                role="region"
              >
                Full-stack Developer
              </div>
            </div>
          </div>
          <div
            class="chakra-accordion__item css-1fsnuue"
          >
            <button
              aria-controls="accordion-panel-:re:"
              aria-expanded="false"
              class="chakra-accordion__button css-ubg1nw"
              data-index="3"
              id="accordion-button-:re:"
              type="button"
            >
              <div
                class="css-1rr4qq7"
              >
                <div
                  class="flex items-center gap-x-2"
                >
                  <span>
                    Admetrics
                  </span>
                  <span
                    class="chakra-badge css-ifsvay"
                  >
                    2017/03 - 2019/02
                  </span>
                  <span
                    class="chakra-badge css-ifsvay"
                  >
                    Frankfurt am Main, Germany
                  </span>
                </div>
              </div>
              <svg
                aria-hidden="true"
                class="chakra-icon chakra-accordion__icon css-8o5ky2"
                focusable="false"
                viewBox="0 0 24 24"
              >
                <path
                  d="M16.59 8.59L12 13.17 7.41 8.59 6 10l6 6 6-6z"
                  fill="currentColor"
                />
              </svg>
            </button>
            <div
              class="chakra-collapse"
              style="overflow: hidden; display: none; opacity: 0; height: 0px;"
            >
              <div
                aria-labelledby="accordion-button-:re:"
                class="chakra-accordion__panel css-0"
                id="accordion-panel-:re:"
                role="region"
              >
                Front-end Developer
              </div>
            </div>
          </div>
          <div
            class="chakra-accordion__item css-1fsnuue"
          >
            <button
              aria-controls="accordion-panel-:rg:"
              aria-expanded="false"
              class="chakra-accordion__button css-ubg1nw"
              data-index="4"
              id="accordion-button-:rg:"
              type="button"
            >
              <div
                class="css-1rr4qq7"
              >
                <div
                  class="flex items-center gap-x-2"
                >
                  <span>
                    Witrafi
                  </span>
                  <span
                    class="chakra-badge css-ifsvay"
                  >
                    2015/01 - 2017/02
                  </span>
                  <span
                    class="chakra-badge css-ifsvay"
                  >
                    Helsinki, Finland
                  </span>
                </div>
              </div>
              <svg
                aria-hidden="true"
                class="chakra-icon chakra-accordion__icon css-8o5ky2"
                focusable="false"
                viewBox="0 0 24 24"
              >
                <path
                  d="M16.59 8.59L12 13.17 7.41 8.59 6 10l6 6 6-6z"
                  fill="currentColor"
                />
              </svg>
            </button>
            <div
              class="chakra-collapse"
              style="overflow: hidden; display: none; opacity: 0; height: 0px;"
            >
              <div
                aria-labelledby="accordion-button-:rg:"
                class="chakra-accordion__panel css-0"
                id="accordion-panel-:rg:"
                role="region"
              >
                Front-end Developer
              </div>
            </div>
          </div>
        </div>
      </div>
    </div>
    <div
      class="pb-16"
      id="stats"
    >
      <div
        class="container mx-auto px-8 "
      >
        <div
          class="text-center py-16 "
        >
          <h2
            class="text-4xl uppercase  mb-8"
          >
            <b>
              Statistics
            </b>
          </h2>
          <p>
            My experiences in number.
          </p>
        </div>
        <div
          class="rounded-lg border shadow-2xl"
        >
          <div
            class="grid grid-cols-1 md:grid-cols-4"
          >
            <div
              class="border-r-0 border-b md:border-r md:border-b-0 p-8 text-center"
            >
              <div
                class="text-5xl"
              >
                8
              </div>
              <div
                class="text-xl"
              >
                Years
              </div>
              <p
                class="text-gray-500"
              >
                of Experiences
              </p>
            </div>
            <div
              class="border-r-0 border-b md:border-r md:border-b-0 p-8 text-center"
            >
              <div
                class="text-5xl"
              >
                4
              </div>
              <div
                class="text-xl"
              >
                Projects
              </div>
              <p
                class="text-gray-500"
              >
                Vietnam - V.League - Vi
              </p>
            </div>
            <div
              class="border-r-0 border-b md:border-r md:border-b-0 p-8 text-center"
            >
              <div
                class="text-5xl"
              >
                3
              </div>
              <div
                class="text-xl"
              >
                Programming Languages
              </div>
              <p
                class="text-gray-500"
              >
                TypeScript - Python - Golang
              </p>
            </div>
            <div
              class=" p-8 text-center"
            >
              <div
                class="text-5xl"
              >
                2
              </div>
              <div
                class="text-xl"
              >
                Foreign Languages
              </div>
              <p
                class="text-gray-500"
              >
                English - Korean
              </p>
            </div>
          </div>
        </div>
      </div>
    </div>
    <section
      class="pb-16"
      id="projects"
    >
      <div
        class="container mx-auto px-8 "
      >
        <div
          class="text-center py-16 "
        >
          <h2
            class="text-4xl uppercase  mb-8"
          >
            <b>
              Projects
            </b>
          </h2>
          <p>
            Personal projects that suits my interests.
          </p>
        </div>
      </div>
      <div
        class="grid grid-cols-1 md:grid-cols-2 lg:grid-cols-4"
      >
        <div>
          <div
            class="pb-full relative w-full bg-cover bg-center"
            style="background-image: url(/images/jpg/projects/mobius.jpg);"
          >
            <a
              href="https://hieudoanm.github.io/hieudoan.news/"
              rel="noreferrer"
              target="_blank"
            >
              <div
                class="absolute h-full w-full bg-gray-900 bg-opacity-80 hover:bg-opacity-90"
              >
                <div
                  class="flex h-full w-full items-center justify-center text-3xl text-white transition-all hover:text-4xl"
                >
                  <h3
                    class="uppercase"
                  >
                    news
                  </h3>
                </div>
              </div>
            </a>
          </div>
        </div>
        <div>
          <div
            class="pb-full relative w-full bg-cover bg-center"
            style="background-image: url(/images/jpg/projects/atomic.jpg);"
          >
            <a
              href="https://github.com/hieudoanm/hieudoan.fi"
              rel="noreferrer"
              target="_blank"
            >
              <div
                class="absolute h-full w-full bg-gray-900 bg-opacity-80 hover:bg-opacity-90"
              >
                <div
                  class="flex h-full w-full items-center justify-center text-3xl text-white transition-all hover:text-4xl"
                >
                  <h3
                    class="uppercase"
                  >
                    finance
                  </h3>
                </div>
              </div>
            </a>
          </div>
        </div>
        <div>
          <div
            class="pb-full relative w-full bg-cover bg-center"
            style="background-image: url(/images/jpg/projects/vleague.png);"
          >
            <a
              href="https://vleague.vercel.app/"
              rel="noreferrer"
              target="_blank"
            >
              <div
                class="absolute h-full w-full bg-gray-900 bg-opacity-80 hover:bg-opacity-90"
              >
                <div
                  class="flex h-full w-full items-center justify-center text-3xl text-white transition-all hover:text-4xl"
                >
                  <h3
                    class="uppercase"
                  >
                    v.league
                  </h3>
                </div>
              </div>
            </a>
          </div>
        </div>
        <div>
          <div
            class="pb-full relative w-full bg-cover bg-center"
            style="background-image: url(/images/jpg/projects/hieu.jpg);"
          >
            <a
              href="https://github.com/hieudoanm"
              rel="noreferrer"
              target="_blank"
            >
              <div
                class="absolute h-full w-full bg-gray-900 bg-opacity-80 hover:bg-opacity-90"
              >
                <div
                  class="flex h-full w-full items-center justify-center text-3xl text-white transition-all hover:text-4xl"
                >
                  <h3
                    class="uppercase"
                  >
                    HIEU
                  </h3>
                </div>
              </div>
            </a>
          </div>
        </div>
      </div>
    </section>
    <section
      class="pb-16"
      id="techstack"
    >
      <div
        class="container mx-auto px-8 "
      >
        <div
          class="text-center py-16 "
        >
          <h2
            class="text-4xl uppercase  mb-8"
          >
            <b>
              Techstack
            </b>
          </h2>
          <p>
            Programming Languages - Frameworks - Libraries
          </p>
        </div>
        <div
          class="grid grid-cols-1 gap-8 md:grid-cols-2 lg:grid-cols-4"
        >
          <div
            class="text-center"
          >
            <div
              class="mx-auto mb-8 flex h-32 w-32 items-center justify-center overflow-hidden rounded-full border"
            >
              <img
                alt="React"
                height="100%"
                src="https://raw.githubusercontent.com/hieudoanm/react-icons/master/svg/development/front-end-framework/react.svg"
                width="100%"
              />
            </div>
            <h2
              class="text-2xl"
            >
              React
            </h2>
            <p
              class="mb-4"
            >
              Front-end Framework
            </p>
            <a
              class="mx-auto inline-block"
              href="https://reactjs.org/"
              rel="noreferrer"
              target="_blank"
            >
              <svg
                fill="currentColor"
                height="1em"
                stroke="currentColor"
                stroke-width="0"
                viewBox="0 0 496 512"
                width="1em"
                xmlns="http://www.w3.org/2000/svg"
              >
                <path
                  d="M336.5 160C322 70.7 287.8 8 248 8s-74 62.7-88.5 152h177zM152 256c0 22.2 1.2 43.5 3.3 64h185.3c2.1-20.5 3.3-41.8 3.3-64s-1.2-43.5-3.3-64H155.3c-2.1 20.5-3.3 41.8-3.3 64zm324.7-96c-28.6-67.9-86.5-120.4-158-141.6 24.4 33.8 41.2 84.7 50 141.6h108zM177.2 18.4C105.8 39.6 47.8 92.1 19.3 160h108c8.7-56.9 25.5-107.8 49.9-141.6zM487.4 192H372.7c2.1 21 3.3 42.5 3.3 64s-1.2 43-3.3 64h114.6c5.5-20.5 8.6-41.8 8.6-64s-3.1-43.5-8.5-64zM120 256c0-21.5 1.2-43 3.3-64H8.6C3.2 212.5 0 233.8 0 256s3.2 43.5 8.6 64h114.6c-2-21-3.2-42.5-3.2-64zm39.5 96c14.5 89.3 48.7 152 88.5 152s74-62.7 88.5-152h-177zm159.3 141.6c71.4-21.2 129.4-73.7 158-141.6h-108c-8.8 56.9-25.6 107.8-50 141.6zM19.3 352c28.6 67.9 86.5 120.4 158 141.6-24.4-33.8-41.2-84.7-50-141.6h-108z"
                />
              </svg>
            </a>
          </div>
          <div
            class="text-center"
          >
            <div
              class="mx-auto mb-8 flex h-32 w-32 items-center justify-center overflow-hidden rounded-full border"
            >
              <img
                alt="Node.js"
                height="100%"
                src="https://raw.githubusercontent.com/hieudoanm/react-icons/master/svg/development/runtime/node.js.svg"
                width="100%"
              />
            </div>
            <h2
              class="text-2xl"
            >
              Node.js
            </h2>
            <p
              class="mb-4"
            >
              Back-end
            </p>
            <a
              class="mx-auto inline-block"
              href="https://nodejs.org/en/"
              rel="noreferrer"
              target="_blank"
            >
              <svg
                fill="currentColor"
                height="1em"
                stroke="currentColor"
                stroke-width="0"
                viewBox="0 0 496 512"
                width="1em"
                xmlns="http://www.w3.org/2000/svg"
              >
                <path
                  d="M336.5 160C322 70.7 287.8 8 248 8s-74 62.7-88.5 152h177zM152 256c0 22.2 1.2 43.5 3.3 64h185.3c2.1-20.5 3.3-41.8 3.3-64s-1.2-43.5-3.3-64H155.3c-2.1 20.5-3.3 41.8-3.3 64zm324.7-96c-28.6-67.9-86.5-120.4-158-141.6 24.4 33.8 41.2 84.7 50 141.6h108zM177.2 18.4C105.8 39.6 47.8 92.1 19.3 160h108c8.7-56.9 25.5-107.8 49.9-141.6zM487.4 192H372.7c2.1 21 3.3 42.5 3.3 64s-1.2 43-3.3 64h114.6c5.5-20.5 8.6-41.8 8.6-64s-3.1-43.5-8.5-64zM120 256c0-21.5 1.2-43 3.3-64H8.6C3.2 212.5 0 233.8 0 256s3.2 43.5 8.6 64h114.6c-2-21-3.2-42.5-3.2-64zm39.5 96c14.5 89.3 48.7 152 88.5 152s74-62.7 88.5-152h-177zm159.3 141.6c71.4-21.2 129.4-73.7 158-141.6h-108c-8.8 56.9-25.6 107.8-50 141.6zM19.3 352c28.6 67.9 86.5 120.4 158 141.6-24.4-33.8-41.2-84.7-50-141.6h-108z"
                />
              </svg>
            </a>
          </div>
          <div
            class="text-center"
          >
            <div
              class="mx-auto mb-8 flex h-32 w-32 items-center justify-center overflow-hidden rounded-full border"
            >
              <img
                alt="Git"
                height="100%"
                src="https://raw.githubusercontent.com/hieudoanm/react-icons/master/svg/development/version-control/git.svg"
                width="100%"
              />
            </div>
            <h2
              class="text-2xl"
            >
              Git
            </h2>
            <p
              class="mb-4"
            >
              Version Control
            </p>
            <a
              class="mx-auto inline-block"
              href="https://git-scm.com/"
              rel="noreferrer"
              target="_blank"
            >
              <svg
                fill="currentColor"
                height="1em"
                stroke="currentColor"
                stroke-width="0"
                viewBox="0 0 496 512"
                width="1em"
                xmlns="http://www.w3.org/2000/svg"
              >
                <path
                  d="M336.5 160C322 70.7 287.8 8 248 8s-74 62.7-88.5 152h177zM152 256c0 22.2 1.2 43.5 3.3 64h185.3c2.1-20.5 3.3-41.8 3.3-64s-1.2-43.5-3.3-64H155.3c-2.1 20.5-3.3 41.8-3.3 64zm324.7-96c-28.6-67.9-86.5-120.4-158-141.6 24.4 33.8 41.2 84.7 50 141.6h108zM177.2 18.4C105.8 39.6 47.8 92.1 19.3 160h108c8.7-56.9 25.5-107.8 49.9-141.6zM487.4 192H372.7c2.1 21 3.3 42.5 3.3 64s-1.2 43-3.3 64h114.6c5.5-20.5 8.6-41.8 8.6-64s-3.1-43.5-8.5-64zM120 256c0-21.5 1.2-43 3.3-64H8.6C3.2 212.5 0 233.8 0 256s3.2 43.5 8.6 64h114.6c-2-21-3.2-42.5-3.2-64zm39.5 96c14.5 89.3 48.7 152 88.5 152s74-62.7 88.5-152h-177zm159.3 141.6c71.4-21.2 129.4-73.7 158-141.6h-108c-8.8 56.9-25.6 107.8-50 141.6zM19.3 352c28.6 67.9 86.5 120.4 158 141.6-24.4-33.8-41.2-84.7-50-141.6h-108z"
                />
              </svg>
            </a>
          </div>
          <div
            class="text-center"
          >
            <div
              class="mx-auto mb-8 flex h-32 w-32 items-center justify-center overflow-hidden rounded-full border"
            >
              <img
                alt="AWS"
                height="100%"
                src="https://raw.githubusercontent.com/hieudoanm/react-icons/master/svg/big-tech/amazon/aws.svg"
                width="100%"
              />
            </div>
            <h2
              class="text-2xl"
            >
              AWS
            </h2>
            <p
              class="mb-4"
            >
              Cloud Computing
            </p>
            <a
              class="mx-auto inline-block"
              href="https://aws.amazon.com/"
              rel="noreferrer"
              target="_blank"
            >
              <svg
                fill="currentColor"
                height="1em"
                stroke="currentColor"
                stroke-width="0"
                viewBox="0 0 496 512"
                width="1em"
                xmlns="http://www.w3.org/2000/svg"
              >
                <path
                  d="M336.5 160C322 70.7 287.8 8 248 8s-74 62.7-88.5 152h177zM152 256c0 22.2 1.2 43.5 3.3 64h185.3c2.1-20.5 3.3-41.8 3.3-64s-1.2-43.5-3.3-64H155.3c-2.1 20.5-3.3 41.8-3.3 64zm324.7-96c-28.6-67.9-86.5-120.4-158-141.6 24.4 33.8 41.2 84.7 50 141.6h108zM177.2 18.4C105.8 39.6 47.8 92.1 19.3 160h108c8.7-56.9 25.5-107.8 49.9-141.6zM487.4 192H372.7c2.1 21 3.3 42.5 3.3 64s-1.2 43-3.3 64h114.6c5.5-20.5 8.6-41.8 8.6-64s-3.1-43.5-8.5-64zM120 256c0-21.5 1.2-43 3.3-64H8.6C3.2 212.5 0 233.8 0 256s3.2 43.5 8.6 64h114.6c-2-21-3.2-42.5-3.2-64zm39.5 96c14.5 89.3 48.7 152 88.5 152s74-62.7 88.5-152h-177zm159.3 141.6c71.4-21.2 129.4-73.7 158-141.6h-108c-8.8 56.9-25.6 107.8-50 141.6zM19.3 352c28.6 67.9 86.5 120.4 158 141.6-24.4-33.8-41.2-84.7-50-141.6h-108z"
                />
              </svg>
            </a>
          </div>
        </div>
      </div>
    </section>
    <div
      class="py-16"
    >
      <div
        class="bg-cover bg-center"
        id="cta"
        style="background-image: url(/images/jpg/background/cta.jpg);"
      >
        <div
          class="bg-gray-900/80 pb-16"
        >
          <div
            class="container mx-auto px-8 "
          >
            <div
              class="text-center py-16 text-white"
            >
              <h2
                class="text-4xl uppercase  mb-8"
              >
                <b>
                  Interested
                </b>
              </h2>
              <p>
                If you want to contact me for new opportunity, send me an email!
              </p>
            </div>
            <a
              href="mailto:hieumdoan@gmail.com"
            >
              <button
                class="chakra-button mx-auto block bg-white uppercase text-gray-900 css-4xx2wk"
                type="button"
              >
                Email Me!
              </button>
            </a>
          </div>
        </div>
      </div>
    </div>
    <section
      class="pb-16"
      id="testimonials"
    >
      <div
        class="container mx-auto px-8 "
      >
        <div
          class="text-center py-16 "
        >
          <h2
            class="text-4xl uppercase  mb-8"
          >
            <b>
              Testimonials
            </b>
          </h2>
          <p>
            Lorem ipsum dolor sit amet, consectetur adipiscing elit. Proin porttitor.
          </p>
        </div>
        <div
          class="mx-auto w-full md:w-6/12"
        >
          <p
            class="mb-8 text-justify text-2xl"
          >
            Lorem ipsum dolor sit amet, consectetur adipiscing elit. Donec lacus ex, interdum quis leo vitae, viverra bibendum neque. Suspendisse convallis vel purus ut elementum. Vestibulum id nulla scelerisque, hendrerit sem.
          </p>
          <p
            class="text-left md:text-right"
          >
            <b>
              John Doe
            </b>
             / 
            Colleague at ABC
          </p>
        </div>
      </div>
    </section>
    <div
      class="pb-16"
      id="blogs"
    >
      <div
        class="container mx-auto px-8 "
      >
        <div
          class="text-center py-16 "
        >
          <h2
            class="text-4xl uppercase  mb-8"
          >
            <b>
              Blogs
            </b>
          </h2>
          <p>
            Keep updated with new technologies and stories from other developers.
          </p>
        </div>
        <div
          class="grid grid-cols-1 gap-8 md:grid-cols-2 lg:grid-cols-4"
        />
      </div>
    </div>
    <div
      class="bg-gray-900"
      id="newsletter"
    >
      <div
        class="container mx-auto px-8 "
      >
        <div
          class="items-center justify-between gap-8 py-16 md:flex"
        >
          <div
            class="mb-8 text-white md:mb-0"
          >
            <h2
              class="text-xl uppercase md:text-2xl"
            >
              Sign up to my newsletter.
            </h2>
            <p
              class="text-justify"
            >
              No spam. No data breach. You may opt out at any time.
            </p>
          </div>
          <form
            class="flex items-center gap-8"
          >
            <input
              aria-required="true"
              class="chakra-input w-full md:w-auto css-0"
              id="email"
              name="email"
              placeholder="Email Address"
              required=""
              type="email"
              value=""
            />
            <button
              class="chakra-button w-full bg-white uppercase text-black md:w-auto css-4xx2wk"
              type="submit"
            >
              Notify
            </button>
          </form>
        </div>
      </div>
    </div>
  </main>
  <footer
    class="border-t bg-gray-900 p-8 text-white"
  >
    <div
      class="container mx-auto px-8 "
    >
      <div
        class="block justify-between md:flex"
      >
        <p>
          © 
          2024
           Hieu Doan. All rights reserved
        </p>
      </div>
    </div>
  </footer>
</div>
`;
