// Jest Snapshot v1, https://goo.gl/fbAQLP

exports[`ChessResults to match snapshot 1`] = `
<div>
  <div
    class="card border border-gray-200 shadow"
  >
    <div
      class="py-4 px-8 border-b"
    >
      <p
        class="text-xl md:text-2xl lg:text-3xl"
      >
        Game Results
      </p>
    </div>
    <div
      class="card-body border-b"
    >
      <div
        class="flex flex-col gap-y-4"
      >
        <p
          class="font-bold"
        >
          Games you won by ...
        </p>
        <div
          class="rounded-2xl bg-gray-100 p-8"
        >
          <div
            class="aspect-video"
          >
            <div
              class="recharts-responsive-container"
              style="width: 100%; height: 100%; min-width: 0;"
            />
          </div>
        </div>
      </div>
    </div>
    <div
      class="card-body border-b"
    >
      <div
        class="flex flex-col gap-y-4"
      >
        <p
          class="font-bold"
        >
          Games you drawn by ...
        </p>
        <div
          class="rounded-2xl bg-gray-100 p-8"
        >
          <div
            class="aspect-video"
          >
            <div
              class="recharts-responsive-container"
              style="width: 100%; height: 100%; min-width: 0;"
            />
          </div>
        </div>
      </div>
    </div>
    <div
      class="card-body border-b"
    >
      <div
        class="flex flex-col gap-y-4"
      >
        <p
          class="font-bold"
        >
          Games you lost by ...
        </p>
        <div
          class="rounded-2xl bg-gray-100 p-8"
        >
          <div
            class="aspect-video"
          >
            <div
              class="recharts-responsive-container"
              style="width: 100%; height: 100%; min-width: 0;"
            />
          </div>
        </div>
      </div>
    </div>
    <div
      class="card-body"
    />
  </div>
</div>
`;
