// Jest Snapshot v1, https://goo.gl/fbAQLP

exports[`CTA render default 1`] = `
<div>
  <div
    class="py-16"
  >
    <div
      class="bg-cover bg-center"
      id="id"
      style="background-image: url();"
    >
      <div
        class="bg-gray-900 bg-opacity-80 pb-16"
      >
        <div
          class="container mx-auto px-8"
        >
          <div
            class="text-center py-16 text-white"
          >
            <h2
              class="uppercase text-4xl  mb-8"
            >
              <b>
                title
              </b>
            </h2>
            <p>
              subtitle
            </p>
          </div>
          <a
            href="mailto:hieumdoan@gmail.com"
          >
            <button
              class="tracking-widest	rounded-md px-4 py-3 text-xl bg-white text-gray-900  block mx-auto uppercase"
              type="submit"
            >
              <b>
                CTA
              </b>
            </button>
          </a>
        </div>
      </div>
    </div>
  </div>
</div>
`;
