// Jest Snapshot v1, https://goo.gl/fbAQLP

exports[`SocialPage render default 1`] = `
<div>
  <div
    data-theme="luxury"
  >
    <div
      class="h-screen w-screen overflow-auto bg-white p-8 lg:p-16"
    >
      <div
        class="grid grid-cols-1 gap-8 lg:grid-cols-3"
      >
        <div
          class="col-span-1"
        >
          <div
            class="flex flex-col items-center justify-center gap-y-8"
          >
            <div
              class="mx-auto flex w-[25%] flex-col lg:w-[50%]"
            >
              <div
                class="aspect-square w-full overflow-hidden rounded-full border border-secondary p-1"
              >
                <div
                  class="h-full w-full rounded-full bg-cover bg-center"
                  style="background-image: url(/img.jpg);"
                />
              </div>
            </div>
            <div
              class="flex flex-col gap-y-4 text-center"
            >
              <a
                class="text-2xl font-bold uppercase"
                href="/about"
              >
                Hieu Doan
              </a>
              <p>
                📍 Vietnam
              </p>
            </div>
          </div>
        </div>
        <div
          class="col-span-1 lg:col-span-2"
        >
          <div
            class="grid grid-cols-1 gap-8 lg:grid-cols-2"
          >
            <div
              class="col-span-1"
            >
              <a
                href="https://chessinsights.vercel.app"
                target="_blank"
              >
                <div
                  class="w-full rounded-xl border bg-secondary shadow transition-all hover:shadow-xl"
                >
                  <div
                    class="flex flex-col gap-y-2 p-4"
                  >
                    <div
                      class="flex items-center justify-between"
                    >
                      <div
                        class="flex items-center gap-x-2"
                      >
                        <div
                          class="flex h-6 w-6 items-center justify-center rounded-full bg-white"
                        >
                          ♟️
                        </div>
                        <h2
                          class="text-lg font-bold"
                        >
                          chess.com Insights
                        </h2>
                      </div>
                      <div
                        class="badge badge-primary capitalize"
                      >
                        free
                      </div>
                    </div>
                    <p
                      class="truncate text-sm"
                    >
                      Chess.com Insights: analytics, trends, and personalized data for chess improvement.
                    </p>
                  </div>
                </div>
              </a>
            </div>
            <div
              class="col-span-1"
            >
              <a
                href="https://hieudoanm.github.io/app-colours"
                target="_blank"
              >
                <div
                  class="w-full rounded-xl border bg-secondary shadow transition-all hover:shadow-xl"
                >
                  <div
                    class="flex flex-col gap-y-2 p-4"
                  >
                    <div
                      class="flex items-center justify-between"
                    >
                      <div
                        class="flex items-center gap-x-2"
                      >
                        <div
                          class="flex h-6 w-6 items-center justify-center rounded-full bg-white"
                        >
                          🎨
                        </div>
                        <h2
                          class="text-lg font-bold"
                        >
                          Colours
                        </h2>
                      </div>
                      <div
                        class="badge badge-primary capitalize"
                      >
                        free
                      </div>
                    </div>
                    <p
                      class="truncate text-sm"
                    >
                      Colours Tools - HEX to RGB and Colours Picker
                    </p>
                  </div>
                </div>
              </a>
            </div>
            <div
              class="col-span-1"
            >
              <a
                href="https://hieudoanm.github.io/app-csv"
                target="_blank"
              >
                <div
                  class="w-full rounded-xl border bg-secondary shadow transition-all hover:shadow-xl"
                >
                  <div
                    class="flex flex-col gap-y-2 p-4"
                  >
                    <div
                      class="flex items-center justify-between"
                    >
                      <div
                        class="flex items-center gap-x-2"
                      >
                        <div
                          class="flex h-6 w-6 items-center justify-center rounded-full bg-white"
                        >
                          📒
                        </div>
                        <h2
                          class="text-lg font-bold"
                        >
                          CSV
                        </h2>
                      </div>
                      <div
                        class="badge badge-primary capitalize"
                      >
                        free
                      </div>
                    </div>
                    <p
                      class="truncate text-sm"
                    >
                      Tool for creating, editing, and managing CSV (comma-separated values) files.
                    </p>
                  </div>
                </div>
              </a>
            </div>
            <div
              class="col-span-1"
            >
              <a
                href="https://hieudoanm.github.io/geerthofstede.com/"
                target="_blank"
              >
                <div
                  class="w-full rounded-xl border bg-secondary shadow transition-all hover:shadow-xl"
                >
                  <div
                    class="flex flex-col gap-y-2 p-4"
                  >
                    <div
                      class="flex items-center justify-between"
                    >
                      <div
                        class="flex items-center gap-x-2"
                      >
                        <div
                          class="flex h-6 w-6 items-center justify-center rounded-full bg-white"
                        >
                          🤌
                        </div>
                        <h2
                          class="text-lg font-bold"
                        >
                          Geert Hofstede
                        </h2>
                      </div>
                      <div
                        class="badge badge-primary capitalize"
                      >
                        free
                      </div>
                    </div>
                    <p
                      class="truncate text-sm"
                    >
                      Cultural dimensions researcher, known for cross-cultural studies.
                    </p>
                  </div>
                </div>
              </a>
            </div>
            <div
              class="col-span-1"
            >
              <a
                href="https://instagramdownload.vercel.app/"
                target="_blank"
              >
                <div
                  class="w-full rounded-xl border bg-secondary shadow transition-all hover:shadow-xl"
                >
                  <div
                    class="flex flex-col gap-y-2 p-4"
                  >
                    <div
                      class="flex items-center justify-between"
                    >
                      <div
                        class="flex items-center gap-x-2"
                      >
                        <div
                          class="flex h-6 w-6 items-center justify-center rounded-full bg-white"
                        >
                          📷
                        </div>
                        <h2
                          class="text-lg font-bold"
                        >
                          InstaX
                        </h2>
                      </div>
                      <div
                        class="badge badge-primary capitalize"
                      >
                        free
                      </div>
                    </div>
                    <p
                      class="truncate text-sm"
                    >
                      Instagram Extensions: Download posts, stories and reels
                    </p>
                  </div>
                </div>
              </a>
            </div>
            <div
              class="col-span-1"
            >
              <a
                href="https://hieudoanm.github.io/app-pomodoro"
                target="_blank"
              >
                <div
                  class="w-full rounded-xl border bg-secondary shadow transition-all hover:shadow-xl"
                >
                  <div
                    class="flex flex-col gap-y-2 p-4"
                  >
                    <div
                      class="flex items-center justify-between"
                    >
                      <div
                        class="flex items-center gap-x-2"
                      >
                        <div
                          class="flex h-6 w-6 items-center justify-center rounded-full bg-white"
                        >
                          ⏱️
                        </div>
                        <h2
                          class="text-lg font-bold"
                        >
                          Pomodoro
                        </h2>
                      </div>
                      <div
                        class="badge badge-primary capitalize"
                      >
                        free
                      </div>
                    </div>
                    <p
                      class="truncate text-sm"
                    >
                      Time management technique: work for 25 mins, break, repeat.
                    </p>
                  </div>
                </div>
              </a>
            </div>
          </div>
        </div>
      </div>
    </div>
  </div>
</div>
`;
