// Jest Snapshot v1, https://goo.gl/fbAQLP

exports[`LoadingOverlay to match snapshot 1`] = `
<div>
  <div
    class="fixed top-0 z-50 h-screen w-screen bg-white/90"
  >
    <div
      class="flex h-full w-full items-center justify-center"
    >
      <div
        class="text-center"
      >
        <div
          class="flex flex-col items-center justify-center gap-y-4"
        >
          <p
            class="chakra-text css-1856l8r"
          >
            Chess Insights
          </p>
          <div
            class="chakra-spinner css-1nh7m0o"
          >
            <span
              class="css-8b45rq"
            >
              Loading...
            </span>
          </div>
          <p
            class="chakra-text css-1856l8r"
          >
            Loading
          </p>
        </div>
      </div>
    </div>
  </div>
</div>
`;
