// Jest Snapshot v1, https://goo.gl/fbAQLP

exports[`PlayerHeader to match snapshot 1`] = `
<div>
  <header>
    <div
      class="grid grid-cols-1 items-center gap-2 md:grid-cols-3 md:gap-4"
    >
      <div
        class="col-span-1"
      >
        <p
          class="text-center text-xl md:text-left md:text-2xl lg:text-3xl"
        >
          Titled (
          0
          )
        </p>
      </div>
      <div
        class="col-span-2"
      >
        <div
          class="join shadow w-full"
        >
          <select
            aria-label="Title"
            class="select select-bordered join-item w-full"
            id="title"
            name="title"
          >
            <option
              value=""
            >
              Title
            </option>
          </select>
          <select
            aria-label="Country"
            class="select select-bordered join-item w-full"
            id="country"
            name="country"
          >
            <option
              value=""
            >
              Country
            </option>
          </select>
          <select
            class="select select-bordered join-item w-full"
            id="timeRange"
            name="timeRange"
          >
            <option>
              Time Range
            </option>
            <option
              value="week"
            >
              7 Days
            </option>
            <option
              value="month"
            >
              30 Days
            </option>
            <option
              value="quarter"
            >
              90 Days
            </option>
            <option
              value="year"
            >
              1 Year
            </option>
          </select>
        </div>
      </div>
    </div>
  </header>
  <div
    class="divider m-0"
  />
</div>
`;
