// Jest Snapshot v1, https://goo.gl/fbAQLP

exports[`Drawer to match snapshot 1`] = `
<div>
  <div
    class="drawer"
  >
    <input
      class="drawer-toggle"
      id="chess-drawer"
      type="checkbox"
    />
    <div
      class="drawer-content"
    />
    <div
      class="drawer-side"
    >
      <label
        aria-label="close sidebar"
        class="drawer-overlay"
        for="chess-drawer"
      />
      <div
        class="menu p-4 w-80 min-h-full bg-base-200 text-base-content"
      >
        <div
          class="border-b pb-4"
        >
          <p
            class="text-xl md:text-2xl lg:text-3xl"
          >
            chess.com Insights
          </p>
        </div>
        <div
          class="flex flex-col gap-y-4 py-4"
        >
          <a
            href="/"
          >
            Insights
          </a>
          <a
            href="/players"
          >
            Players
          </a>
          <a
            href="/openings"
          >
            Openings
          </a>
          <a
            href="/rating"
          >
            Rating
          </a>
        </div>
      </div>
    </div>
  </div>
</div>
`;
