// Jest Snapshot v1, https://goo.gl/fbAQLP

exports[`InsightsHeader to match snapshot 1`] = `
<div>
  <header
    class="flex items-center justify-between gap-x-2"
  >
    <div
      class="flex items-center gap-x-2 md:gap-x-4"
    >
      <div
        class="aspect-square w-16 rounded-xl border bg-contain bg-center"
        style="background-image: url();"
      />
      <div>
        <div
          class="flex items-center gap-x-2"
        >
          <span
            class="badge badge-primary badge-outline"
          >
            GM
          </span>
          <div>
            <a
              class="text-lg uppercase md:text-xl"
              href="https://www.chess.com/member/"
              target="_blank"
            />
          </div>
        </div>
        <p
          class="truncate"
        />
      </div>
    </div>
    <div
      class="join shadow"
    >
      <select
        class="join-item select select-bordered w-full"
        id="timeClass"
        name="timeClass"
      >
        <option
          value="daily"
        >
          Daily
        </option>
        <option
          value="rapid"
        >
          Rapid
        </option>
        <option
          value="blitz"
        >
          Blitz
        </option>
        <option
          value="bullet"
        >
          Bullet
        </option>
      </select>
      <select
        class="join-item select select-bordered w-full"
        id="variant"
        name="variant"
      >
        <option
          value="chess"
        >
          Chess
        </option>
        <option
          value="chess960"
        >
          Chess960
        </option>
      </select>
    </div>
  </header>
</div>
`;
