// Jest Snapshot v1, https://goo.gl/fbAQLP

exports[`ChessOpponents to match snapshot 1`] = `
<div>
  <div
    class="card border border-gray-200 shadow"
  >
    <div
      class="py-4 px-8 border-b"
    >
      <p
        class="text-xl md:text-2xl lg:text-3xl"
      >
        Opponents
      </p>
    </div>
    <div
      class="w-full overflow-x-auto"
    >
      <table
        class="table"
      >
        <thead>
          <tr
            class="px-8"
          >
            <th
              align="left"
              class="pl-8"
            >
              No
            </th>
            <th>
              Opponent
            </th>
            <th
              align="right"
            >
              <button
                class="cursor-pointer capitalize"
                type="button"
              >
                Games
              </button>
            </th>
            <th
              align="right"
            >
              <div
                class="flex items-center justify-end gap-2"
              >
                <button
                  class="cursor-pointer capitalize"
                  type="button"
                >
                  Win
                </button>
                <button
                  class="cursor-pointer capitalize"
                  type="button"
                >
                  (%)
                </button>
              </div>
            </th>
            <th
              align="right"
            >
              <div
                class="flex items-center justify-end gap-2"
              >
                <button
                  class="cursor-pointer capitalize"
                  type="button"
                >
                  Draw
                </button>
                <button
                  class="cursor-pointer capitalize"
                  type="button"
                >
                  (%)
                </button>
              </div>
            </th>
            <th
              align="right"
              class="pr-8"
            >
              <div
                class="flex items-center justify-end gap-2"
              >
                <button
                  class="cursor-pointer capitalize"
                  type="button"
                >
                  Loss
                </button>
                <button
                  class="cursor-pointer capitalize"
                  type="button"
                >
                  (%)
                </button>
              </div>
            </th>
          </tr>
        </thead>
        <tbody />
      </table>
    </div>
  </div>
</div>
`;
