// Jest Snapshot v1, https://goo.gl/fbAQLP

exports[`CountryTitles to match snapshot 1`] = `
<div>
  <div
    class="chakra-accordion rounded border css-0"
  >
    <div
      class="chakra-accordion__item border-0 css-1fsnuue"
    >
      <button
        aria-controls="accordion-panel-:r0:"
        aria-expanded="false"
        class="chakra-accordion__button border-b css-ubg1nw"
        data-index="0"
        id="accordion-button-:r0:"
        type="button"
      >
        <div
          class="flex w-full items-center justify-between"
        >
          <div
            class="flex-grow text-left"
          >
            Titled (
            0
            )
          </div>
          <svg
            aria-hidden="true"
            class="chakra-icon chakra-accordion__icon css-8o5ky2"
            focusable="false"
            viewBox="0 0 24 24"
          >
            <path
              d="M16.59 8.59L12 13.17 7.41 8.59 6 10l6 6 6-6z"
              fill="currentColor"
            />
          </svg>
        </div>
      </button>
      <div
        class="chakra-collapse"
        style="overflow: hidden; display: none; opacity: 0; height: 0px;"
      >
        <div
          aria-labelledby="accordion-button-:r0:"
          class="chakra-accordion__panel css-old1by"
          id="accordion-panel-:r0:"
          role="region"
        >
          <div
            class="chakra-table__container css-zipzvv"
          >
            <table
              class="chakra-table css-0"
            >
              <thead
                class="css-0"
              >
                <tr
                  class="css-0"
                >
                  <th
                    class="css-0"
                  >
                    Title
                  </th>
                  <th
                    class="css-0"
                    data-is-numeric="true"
                  >
                    Total
                  </th>
                </tr>
              </thead>
              <tbody
                class="css-0"
              />
            </table>
          </div>
        </div>
      </div>
    </div>
  </div>
</div>
`;
