// Jest Snapshot v1, https://goo.gl/fbAQLP

exports[`OpeningsTemplate to match snapshot 1`] = `
<div>
  <div
    class="flex flex-col gap-y-4 py-4 md:gap-y-8 md:py-8"
  >
    <h2
      class="chakra-heading css-0"
    >
      Openings (
      0
      )
    </h2>
    <div
      class="chakra-table__container overflow-hidden rounded border border-gray-200 shadow css-zipzvv"
    >
      <table
        class="chakra-table css-0"
      >
        <thead
          class="css-0"
        >
          <tr
            class="css-0"
          >
            <th
              class="w-4 css-0"
            >
              No
            </th>
            <th
              class="w-4 css-0"
            >
              ECO
            </th>
            <th
              class="css-0"
            >
              Name
            </th>
            <th
              class="css-0"
            >
              FEN
            </th>
          </tr>
        </thead>
        <tbody
          class="css-0"
        />
      </table>
    </div>
  </div>
</div>
`;
