// Jest Snapshot v1, https://goo.gl/fbAQLP

exports[`OpeningsTemplate to match snapshot 1`] = `
<div>
  <div
    class="flex flex-col gap-y-4 py-4 md:gap-y-8 md:py-8"
  >
    <div
      class="flex items-center justify-between"
    >
      <h2
        class="chakra-heading css-0"
      >
        Openings (
        0
        )
      </h2>
      <div>
        <div
          class="chakra-select__wrapper css-42b2qy"
        >
          <select
            aria-label="ECO"
            class="chakra-select shadow css-1ik61og"
            id="eco"
            name="eco"
          >
            <option
              value=""
            >
              ECO
            </option>
          </select>
          <div
            class="chakra-select__icon-wrapper css-162mkon"
          >
            <svg
              aria-hidden="true"
              class="chakra-select__icon"
              focusable="false"
              role="presentation"
              style="width: 1em; height: 1em; color: currentColor;"
              viewBox="0 0 24 24"
            >
              <path
                d="M16.59 8.59L12 13.17 7.41 8.59 6 10l6 6 6-6z"
                fill="currentColor"
              />
            </svg>
          </div>
        </div>
      </div>
    </div>
    <div
      class="chakra-table__container overflow-hidden rounded border border-gray-200 shadow css-zipzvv"
    >
      <table
        class="chakra-table css-0"
      >
        <thead
          class="css-0"
        >
          <tr
            class="css-0"
          >
            <th
              class="w-4 css-0"
            >
              No
            </th>
            <th
              class="w-4 css-0"
            >
              ECO
            </th>
            <th
              class="css-0"
            >
              Name
            </th>
            <th
              class="css-0"
            >
              FEN
            </th>
          </tr>
        </thead>
        <tbody
          class="css-0"
        />
      </table>
    </div>
  </div>
</div>
`;
