// Jest Snapshot v1, https://goo.gl/fbAQLP

exports[`CountryChart to match snapshot 1`] = `
<div>
  <div
    class="flex items-center justify-between"
  >
    <h2
      class="chakra-heading css-0"
      style="word-spacing: 16px;"
    >
      🇺🇸
       
      US
    </h2>
    <div
      class="flex items-center gap-x-2"
    >
      <div
        class="chakra-select__wrapper css-42b2qy"
      >
        <select
          aria-label="Title"
          class="chakra-select shadow css-1ik61og"
          id="title"
          name="title"
        >
          <option
            value=""
          >
            Title
          </option>
        </select>
        <div
          class="chakra-select__icon-wrapper css-162mkon"
        >
          <svg
            aria-hidden="true"
            class="chakra-select__icon"
            focusable="false"
            role="presentation"
            style="width: 1em; height: 1em; color: currentColor;"
            viewBox="0 0 24 24"
          >
            <path
              d="M16.59 8.59L12 13.17 7.41 8.59 6 10l6 6 6-6z"
              fill="currentColor"
            />
          </svg>
        </div>
      </div>
    </div>
  </div>
</div>
`;
