// Jest Snapshot v1, https://goo.gl/fbAQLP

exports[`TitledTemplate to match snapshot 1`] = `
<div>
  <div
    class="flex flex-col gap-y-4 py-4 md:gap-y-8 md:py-8"
  >
    <div
      class="flex items-center justify-between"
    >
      <button
        aria-controls="menu-list-:r1:"
        aria-expanded="false"
        aria-haspopup="menu"
        class="chakra-menu__menu-button bg-white px-0 text-lg md:text-4xl css-1eqi7qs"
        id="menu-button-:r1:"
      >
        <span
          class="css-xl71ch"
        >
          Grand Master
           (
          0
          )
        </span>
      </button>
      <div
        class="css-0"
        style="visibility: hidden; position: absolute; min-width: max-content; inset: 0 auto auto 0;"
      >
        <div
          aria-orientation="vertical"
          class="chakra-menu__menu-list css-sjt5nk"
          id="menu-list-:r1:"
          role="menu"
          style="transform-origin: var(--popper-transform-origin); opacity: 0; visibility: hidden; transform: scale(0.8) translateZ(0);"
          tabindex="-1"
        >
          <button
            class="chakra-menu__menuitem font-bold css-1k756t9"
            data-index="0"
            id="menu-list-:r1:-menuitem-:r2:"
            role="menuitem"
            tabindex="-1"
            type="button"
          >
            Grand Master
          </button>
          <button
            class="chakra-menu__menuitem css-1k756t9"
            data-index="1"
            id="menu-list-:r1:-menuitem-:r3:"
            role="menuitem"
            tabindex="-1"
            type="button"
          >
            International Master
          </button>
          <button
            class="chakra-menu__menuitem css-1k756t9"
            data-index="2"
            id="menu-list-:r1:-menuitem-:r4:"
            role="menuitem"
            tabindex="-1"
            type="button"
          >
            FIDE Master
          </button>
          <button
            class="chakra-menu__menuitem css-1k756t9"
            data-index="3"
            id="menu-list-:r1:-menuitem-:r5:"
            role="menuitem"
            tabindex="-1"
            type="button"
          >
            Candidate Master
          </button>
          <button
            class="chakra-menu__menuitem css-1k756t9"
            data-index="4"
            id="menu-list-:r1:-menuitem-:r6:"
            role="menuitem"
            tabindex="-1"
            type="button"
          >
            National Master
          </button>
          <button
            class="chakra-menu__menuitem css-1k756t9"
            data-index="5"
            id="menu-list-:r1:-menuitem-:r7:"
            role="menuitem"
            tabindex="-1"
            type="button"
          >
            Woman Grand Master
          </button>
          <button
            class="chakra-menu__menuitem css-1k756t9"
            data-index="6"
            id="menu-list-:r1:-menuitem-:r8:"
            role="menuitem"
            tabindex="-1"
            type="button"
          >
            Woman International Master
          </button>
          <button
            class="chakra-menu__menuitem css-1k756t9"
            data-index="7"
            id="menu-list-:r1:-menuitem-:r9:"
            role="menuitem"
            tabindex="-1"
            type="button"
          >
            Woman FIDE Master
          </button>
          <button
            class="chakra-menu__menuitem css-1k756t9"
            data-index="8"
            id="menu-list-:r1:-menuitem-:ra:"
            role="menuitem"
            tabindex="-1"
            type="button"
          >
            Woman Candidate Master
          </button>
          <button
            class="chakra-menu__menuitem css-1k756t9"
            data-index="9"
            id="menu-list-:r1:-menuitem-:rb:"
            role="menuitem"
            tabindex="-1"
            type="button"
          >
            Woman National Master
          </button>
        </div>
      </div>
      <div
        class="rounded shadow"
      >
        <div
          class="chakra-select__wrapper css-42b2qy"
        >
          <select
            class="chakra-select css-1ik61og"
            id="timeRange"
            name="timeRange"
          >
            <option
              value=""
            >
              Time Range
            </option>
            <option
              value="week"
            >
              7 Days
            </option>
            <option
              value="month"
            >
              30 Days
            </option>
            <option
              value="quarter"
            >
              90 Days
            </option>
            <option
              value="year"
            >
              1 Year
            </option>
          </select>
          <div
            class="chakra-select__icon-wrapper css-162mkon"
          >
            <svg
              aria-hidden="true"
              class="chakra-select__icon"
              focusable="false"
              role="presentation"
              style="width: 1em; height: 1em; color: currentColor;"
              viewBox="0 0 24 24"
            >
              <path
                d="M16.59 8.59L12 13.17 7.41 8.59 6 10l6 6 6-6z"
                fill="currentColor"
              />
            </svg>
          </div>
        </div>
      </div>
    </div>
    <div
      class="grid grid-cols-1 gap-y-4 md:grid-cols-3 md:gap-x-8"
    >
      <div
        class="col-span-1"
      />
      <div
        class="col-span-1"
      />
      <div
        class="col-span-1"
      />
    </div>
    <div
      class="chakra-card border border-gray-200 shadow css-2dlz7"
    >
      <div
        class="chakra-card__body p-0 css-0"
      >
        <div
          class="chakra-table__container css-zipzvv"
        >
          <table
            class="chakra-table css-0"
          >
            <thead
              class="css-0"
            >
              <tr
                class="css-0"
              >
                <th
                  class="w-4 css-0"
                >
                  No
                </th>
                <th
                  class="css-0"
                >
                  Username
                </th>
                <th
                  class="w-4 css-0"
                  data-is-numeric="true"
                >
                  Country
                </th>
                <th
                  class="w-4 css-0"
                  data-is-numeric="true"
                >
                  Rapid
                </th>
                <th
                  class="w-4 css-0"
                  data-is-numeric="true"
                >
                  Blitz
                </th>
                <th
                  class="w-4 css-0"
                  data-is-numeric="true"
                >
                  Bullet
                </th>
              </tr>
            </thead>
            <tbody
              class="css-0"
            />
          </table>
        </div>
      </div>
    </div>
  </div>
</div>
`;
