// Jest Snapshot v1, https://goo.gl/fbAQLP

exports[`FeaturesSection render default 1`] = `
<div>
  <div
    class="pb-16"
    id="id"
  >
    <div
      class="container mx-auto px-8 "
    >
      <div
        class="text-center py-16 "
      >
        <h2
          class="text-4xl uppercase  "
        >
          <b />
        </h2>
      </div>
      <div
        class="grid grid-cols-1 gap-8 md:grid-cols-2 lg:grid-cols-4"
      >
        <div>
          <div
            class="relative mx-auto mb-8 h-32 w-32"
          >
            <div
              class="absolute flex h-full w-full items-center justify-center rounded-full bg-gray-900 text-4xl text-white"
            />
          </div>
          <h3
            class="mb-8 text-center text-xl uppercase"
          >
            title
          </h3>
          <p
            class="text-justify"
          >
            description
          </p>
        </div>
      </div>
    </div>
  </div>
</div>
`;
