// Jest Snapshot v1, https://goo.gl/fbAQLP

exports[`SymbolsTemplate to match snapshot 1`] = `
<div>
  <div
    class="p-8"
  >
    <div
      class="flex flex-col gap-y-8"
    >
      <div
        class="flex items-center justify-between gap-x-4"
      >
        <h1
          class="text-xl"
        >
           (
          0
          )
        </h1>
        <div
          class="join shadow"
        >
          <select
            class="join-item select select-bordered"
            id="market"
            name="market"
          >
            <option
              value=""
            >
              Market
            </option>
            <option
              value="VN30"
            >
              VN30
            </option>
            <option
              value="HOSE"
            >
              HOSE
            </option>
            <option
              value="HNX30"
            >
              HNX30
            </option>
            <option
              value="HNX"
            >
              HNX
            </option>
            <option
              value="UPCOM"
            >
              UPCOM
            </option>
          </select>
          <select
            class="join-item select select-bordered"
            id="sector"
            name="sector"
          >
            <option
              value=""
            >
              Sector
            </option>
            <option
              value="BANKING"
            >
              Banking
            </option>
            <option
              value="BASIC_RESOURCES"
            >
              Basic Resources
            </option>
            <option
              value="CHEMICAL"
            >
              Chemical
            </option>
            <option
              value="COMMUNICATIONS"
            >
              Communications
            </option>
            <option
              value="ELECTRICITY_WATER_PETROL"
            >
              Electricity, Water & Petrol
            </option>
            <option
              value="FINANCIAL_SERVICES"
            >
              Financial Services
            </option>
            <option
              value="FOOD_BEVERAGE"
            >
              Food & Beverage
            </option>
            <option
              value="INDUSTRIAL_GOODS_SERVICES"
            >
              Industrial Goods & Services
            </option>
            <option
              value="INFORMATION_TECHNOLOGY"
            >
              Information Technology
            </option>
            <option
              value="INSURANCE"
            >
              Insurance
            </option>
            <option
              value="MEDICAL"
            >
              Medical
            </option>
            <option
              value="PETROLEUM"
            >
              Petroleum
            </option>
            <option
              value="REAL_ESTATE"
            >
              Real Estate
            </option>
            <option
              value="RETAIL"
            >
              Retail
            </option>
            <option
              value="TELECOMMUNICATION"
            >
              Telecommunication
            </option>
            <option
              value="TRAVEL_ENTERTAINMENT"
            >
              Travel & Entertainment
            </option>
          </select>
        </div>
      </div>
      <div
        class="card overflow-hidden border shadow"
      >
        <div
          class="overflow-auto"
        >
          <table
            class="table"
          >
            <thead>
              <tr>
                <th>
                  Symbol
                </th>
                <th
                  align="right"
                  class="w-16"
                >
                  Market
                </th>
                <th
                  align="right"
                  class="w-32"
                >
                  Sector
                </th>
              </tr>
            </thead>
            <tbody />
          </table>
        </div>
      </div>
    </div>
  </div>
</div>
`;
