// Jest Snapshot v1, https://goo.gl/fbAQLP

exports[`OpeningsHeader to match snapshot 1`] = `
<div>
  <div
    class="flex items-center justify-between"
  >
    <div
      class="text-xl md:text-2xl lg:text-3xl"
    >
      Openings (
      0
      )
    </div>
    <div
      class="join shadow"
    >
      <select
        aria-label="ECO"
        class="shadow select select-bordered join-item"
        id="eco"
        name="eco"
      >
        <option
          value=""
        >
          ECO
        </option>
      </select>
      <select
        aria-label="Limit"
        class="shadow select select-bordered join-item"
        id="limit"
        name="limit"
      >
        <option
          value="100"
        >
          100
        </option>
        <option
          value="1000"
        >
          1000
        </option>
        <option
          value="10000"
        >
          10000
        </option>
      </select>
    </div>
  </div>
</div>
`;
