// Jest Snapshot v1, https://goo.gl/fbAQLP

exports[`ErrorPage render default 1`] = `
<div>
  <div
    class="flex h-screen w-screen items-center justify-center"
  >
    <div
      class="py-8 text-center"
    >
      <h2
        class="mb-4 text-9xl"
      >
        404
      </h2>
      <p
        class="mb-4 text-2xl uppercase"
      >
        Error
      </p>
      <p>
        <a
          class="uppercase underline"
          href="/"
        >
          Back to Home
        </a>
      </p>
    </div>
  </div>
</div>
`;
