// Jest Snapshot v1, https://goo.gl/fbAQLP

exports[`PomodoroPage render default 1`] = `
<div>
  <div
    class="h-screen w-screen"
  >
    <div
      class="css-130dya0"
    >
      <div
        class="css-16ye2yg"
      >
        <div
          class="css-1lhp2qh"
        >
          <div
            class="css-dtbtw7"
          >
            <p
              class="chakra-text css-1lejymi"
            >
              REST
            </p>
            <p
              class="chakra-text css-72c57t"
            >
              25:00
            </p>
            <div
              class="css-2pqyoz"
            >
              <button
                aria-label="start"
                class="chakra-button css-1ahf0fs"
                type="button"
              >
                <svg
                  aria-hidden="true"
                  class="chakra-icon css-13otjrl"
                  fill="currentColor"
                  focusable="false"
                  height="1em"
                  stroke="currentColor"
                  stroke-width="0"
                  viewBox="0 0 512 512"
                  width="1em"
                  xmlns="http://www.w3.org/2000/svg"
                >
                  <path
                    d="M0 256a256 256 0 1 1 512 0A256 256 0 1 1 0 256zM188.3 147.1c-7.6 4.2-12.3 12.3-12.3 20.9V344c0 8.7 4.7 16.7 12.3 20.9s16.8 4.1 24.3-.5l144-88c7.1-4.4 11.5-12.1 11.5-20.5s-4.4-16.1-11.5-20.5l-144-88c-7.4-4.5-16.7-4.7-24.3-.5z"
                  />
                </svg>
              </button>
              <button
                aria-label="start"
                class="chakra-button css-1ahf0fs"
                type="button"
              >
                <svg
                  aria-hidden="true"
                  class="chakra-icon css-13otjrl"
                  fill="currentColor"
                  focusable="false"
                  height="1em"
                  stroke="currentColor"
                  stroke-width="0"
                  viewBox="0 0 512 512"
                  width="1em"
                  xmlns="http://www.w3.org/2000/svg"
                >
                  <path
                    d="M256 512A256 256 0 1 0 256 0a256 256 0 1 0 0 512zM192 160H320c17.7 0 32 14.3 32 32V320c0 17.7-14.3 32-32 32H192c-17.7 0-32-14.3-32-32V192c0-17.7 14.3-32 32-32z"
                  />
                </svg>
              </button>
            </div>
          </div>
        </div>
      </div>
    </div>
  </div>
</div>
`;
