// Jest Snapshot v1, https://goo.gl/fbAQLP

exports[`AppsPage render default 1`] = `
<div>
  <div
    class="container mx-auto px-8 "
  >
    <div
      class="h-full w-full"
    >
      <div
        class="grid grid-cols-2 gap-2 md:grid-cols-3 md:gap-4 lg:grid-cols-4 lg:gap-6 xl:grid-cols-6 xl:gap-8"
      >
        <div
          class="col-span-1 css-0"
        >
          <div
            class="flex aspect-square items-center justify-center"
          >
            <a
              href="/apps/calendar"
            >
              <div
                class="flex flex-col items-center gap-y-2 md:gap-y-4 css-0"
              >
                <div
                  class="flex aspect-square h-16 w-16 items-center justify-center rounded border md:h-20 md:w-20 lg:h-24 lg:w-24"
                >
                  <svg
                    class="chakra-icon text-md md:text-lg lg:text-xl css-13otjrl"
                    fill="currentColor"
                    focusable="false"
                    height="1em"
                    stroke="currentColor"
                    stroke-width="0"
                    viewBox="0 0 448 512"
                    width="1em"
                    xmlns="http://www.w3.org/2000/svg"
                  >
                    <path
                      d="M96 32V64H48C21.5 64 0 85.5 0 112v48H448V112c0-26.5-21.5-48-48-48H352V32c0-17.7-14.3-32-32-32s-32 14.3-32 32V64H160V32c0-17.7-14.3-32-32-32S96 14.3 96 32zM448 192H0V464c0 26.5 21.5 48 48 48H400c26.5 0 48-21.5 48-48V192z"
                    />
                  </svg>
                </div>
                <p
                  class="chakra-text text-center css-0"
                >
                  Calendar
                </p>
              </div>
            </a>
          </div>
        </div>
        <div
          class="col-span-1 css-0"
        >
          <div
            class="flex aspect-square items-center justify-center"
          >
            <a
              href="/apps/hofstede"
            >
              <div
                class="flex flex-col items-center gap-y-2 md:gap-y-4 css-0"
              >
                <div
                  class="flex aspect-square h-16 w-16 items-center justify-center rounded border md:h-20 md:w-20 lg:h-24 lg:w-24"
                >
                  <svg
                    class="chakra-icon text-md md:text-lg lg:text-xl css-13otjrl"
                    fill="currentColor"
                    focusable="false"
                    height="1em"
                    stroke="currentColor"
                    stroke-width="0"
                    viewBox="0 0 512 512"
                    width="1em"
                    xmlns="http://www.w3.org/2000/svg"
                  >
                    <path
                      d="M184 0c30.9 0 56 25.1 56 56V456c0 30.9-25.1 56-56 56c-28.9 0-52.7-21.9-55.7-50.1c-5.2 1.4-10.7 2.1-16.3 2.1c-35.3 0-64-28.7-64-64c0-7.4 1.3-14.6 3.6-21.2C21.4 367.4 0 338.2 0 304c0-31.9 18.7-59.5 45.8-72.3C37.1 220.8 32 207 32 192c0-30.7 21.6-56.3 50.4-62.6C80.8 123.9 80 118 80 112c0-29.9 20.6-55.1 48.3-62.1C131.3 21.9 155.1 0 184 0zM328 0c28.9 0 52.6 21.9 55.7 49.9c27.8 7 48.3 32.1 48.3 62.1c0 6-.8 11.9-2.4 17.4c28.8 6.2 50.4 31.9 50.4 62.6c0 15-5.1 28.8-13.8 39.7C493.3 244.5 512 272.1 512 304c0 34.2-21.4 63.4-51.6 74.8c2.3 6.6 3.6 13.8 3.6 21.2c0 35.3-28.7 64-64 64c-5.6 0-11.1-.7-16.3-2.1c-3 28.2-26.8 50.1-55.7 50.1c-30.9 0-56-25.1-56-56V56c0-30.9 25.1-56 56-56z"
                    />
                  </svg>
                </div>
                <p
                  class="chakra-text text-center css-0"
                >
                  Hofstede
                </p>
              </div>
            </a>
          </div>
        </div>
        <div
          class="col-span-1 css-0"
        >
          <div
            class="flex aspect-square items-center justify-center"
          >
            <a
              href="/apps/pomodoro"
            >
              <div
                class="flex flex-col items-center gap-y-2 md:gap-y-4 css-0"
              >
                <div
                  class="flex aspect-square h-16 w-16 items-center justify-center rounded border md:h-20 md:w-20 lg:h-24 lg:w-24"
                >
                  <svg
                    class="chakra-icon text-md md:text-lg lg:text-xl css-13otjrl"
                    fill="currentColor"
                    focusable="false"
                    height="1em"
                    stroke="currentColor"
                    stroke-width="0"
                    viewBox="0 0 512 512"
                    width="1em"
                    xmlns="http://www.w3.org/2000/svg"
                  >
                    <path
                      d="M256 0a256 256 0 1 1 0 512A256 256 0 1 1 256 0zM232 120V256c0 8 4 15.5 10.7 20l96 64c11 7.4 25.9 4.4 33.3-6.7s4.4-25.9-6.7-33.3L280 243.2V120c0-13.3-10.7-24-24-24s-24 10.7-24 24z"
                    />
                  </svg>
                </div>
                <p
                  class="chakra-text text-center css-0"
                >
                  Pomodoro
                </p>
              </div>
            </a>
          </div>
        </div>
        <div
          class="col-span-1 css-0"
        >
          <div
            class="flex aspect-square items-center justify-center"
          >
            <a
              href="/apps/statuses"
            >
              <div
                class="flex flex-col items-center gap-y-2 md:gap-y-4 css-0"
              >
                <div
                  class="flex aspect-square h-16 w-16 items-center justify-center rounded border md:h-20 md:w-20 lg:h-24 lg:w-24"
                >
                  <svg
                    class="chakra-icon text-md md:text-lg lg:text-xl css-13otjrl"
                    fill="currentColor"
                    focusable="false"
                    height="1em"
                    stroke="currentColor"
                    stroke-width="0"
                    viewBox="0 0 448 512"
                    width="1em"
                    xmlns="http://www.w3.org/2000/svg"
                  >
                    <path
                      d="M64 32C64 14.3 49.7 0 32 0S0 14.3 0 32V64 368 480c0 17.7 14.3 32 32 32s32-14.3 32-32V352l64.3-16.1c41.1-10.3 84.6-5.5 122.5 13.4c44.2 22.1 95.5 24.8 141.7 7.4l34.7-13c12.5-4.7 20.8-16.6 20.8-30V66.1c0-23-24.2-38-44.8-27.7l-9.6 4.8c-46.3 23.2-100.8 23.2-147.1 0c-35.1-17.6-75.4-22-113.5-12.5L64 48V32z"
                    />
                  </svg>
                </div>
                <p
                  class="chakra-text text-center css-0"
                >
                  Statuses
                </p>
              </div>
            </a>
          </div>
        </div>
        <div
          class="col-span-1 css-0"
        >
          <div
            class="flex aspect-square items-center justify-center"
          >
            <a
              href="/apps/uuid"
            >
              <div
                class="flex flex-col items-center gap-y-2 md:gap-y-4 css-0"
              >
                <div
                  class="flex aspect-square h-16 w-16 items-center justify-center rounded border md:h-20 md:w-20 lg:h-24 lg:w-24"
                >
                  <svg
                    class="chakra-icon text-md md:text-lg lg:text-xl css-13otjrl"
                    fill="currentColor"
                    focusable="false"
                    height="1em"
                    stroke="currentColor"
                    stroke-width="0"
                    viewBox="0 0 384 512"
                    width="1em"
                    xmlns="http://www.w3.org/2000/svg"
                  >
                    <path
                      d="M336 0H48C21.5 0 0 21.5 0 48v416c0 26.5 21.5 48 48 48h288c26.5 0 48-21.5 48-48V48c0-26.5-21.5-48-48-48zM144 32h96c8.8 0 16 7.2 16 16s-7.2 16-16 16h-96c-8.8 0-16-7.2-16-16s7.2-16 16-16zm48 128c35.3 0 64 28.7 64 64s-28.7 64-64 64-64-28.7-64-64 28.7-64 64-64zm112 236.8c0 10.6-10 19.2-22.4 19.2H102.4C90 416 80 407.4 80 396.8v-19.2c0-31.8 30.1-57.6 67.2-57.6h5c12.3 5.1 25.7 8 39.8 8s27.6-2.9 39.8-8h5c37.1 0 67.2 25.8 67.2 57.6v19.2z"
                    />
                  </svg>
                </div>
                <p
                  class="chakra-text text-center css-0"
                >
                  UUID
                </p>
              </div>
            </a>
          </div>
        </div>
      </div>
    </div>
  </div>
</div>
`;
